// Jest Snapshot v1, https://goo.gl/fbAQLP

exports[`Testing client Client is William 1`] = `
{
  "budget": 5000,
  "name": "William Walkings",
  "type": "Premium",
}
`;
